

@S |Clock Optimization Summary


#### START OF CLOCK OPTIMIZATION REPORT #####[

0 non-gated/non-generated clock tree(s) driving 0 clock pin(s) of sequential element(s)
2 gated/generated clock tree(s) driving 61 clock pin(s) of sequential element(s)
0 instances converted, 61 sequential instances remain driven by gated/generated clocks

================================================================================================== Gated/Generated Clocks ===================================================================================================
Clock Tree ID     Driving Element       Drive Element Type     Fanout     Sample Instance      Explanation                                                                                                                   
-----------------------------------------------------------------------------------------------------------------------------------------------------------------------------------------------------------------------------
@K:CKID0001       RA00.D00.OSCInst0     OSCH                   57         RA00.DO1.outdiv      Gating structure creates improper gating logic. See the Gated Clocks description in the user guide for conversion requirements
@K:CKID0002       RA00.DO1.outdiv       FD1S3AX                4          RA03.wordram_ram     No gated clock conversion method for cell cell:LUCENT.DPR16X4C                                                                
=============================================================================================================================================================================================================================


##### END OF CLOCK OPTIMIZATION REPORT ######]

